/root/miniconda3/envs/mmchange/lib/python3.8/site-packages/timm/models/layers/__init__.py:48: FutureWarning: Importing from timm.models.layers is deprecated, please import via timm.layers
  warnings.warn(f"Importing from {__name__} is deprecated, please import via timm.layers", FutureWarning)
/root/miniconda3/envs/mmchange/lib/python3.8/site-packages/langchain_core/_api/deprecation.py:117: LangChainDeprecationWarning: The class `langchain_community.chat_models.openai.ChatOpenAI` was deprecated in langchain-community 0.0.10 and will be removed in 0.2.0. An updated version of the class exists in the langchain-openai package and should be used instead. To use it run `pip install -U langchain-openai` and import as `from langchain_openai import ChatOpenAI`.
  warn_deprecated(
/root/miniconda3/envs/mmchange/lib/python3.8/site-packages/transformers/generation/utils.py:1273: UserWarning: Neither `max_length` nor `max_new_tokens` has been set, `max_length` will default to 20 (`generation_config.max_length`). Controlling `max_length` via the config is deprecated and `max_length` will be removed from the config in v5 of Transformers -- we recommend using `max_new_tokens` to control the maximum length of the generation.
  warnings.warn(
HTTP Request: POST https://api.chatanywhere.tech/chat/completions "HTTP/1.1 200 OK"
/root/miniconda3/envs/mmchange/lib/python3.8/site-packages/transformers/generation/utils.py:1273: UserWarning: Neither `max_length` nor `max_new_tokens` has been set, `max_length` will default to 20 (`generation_config.max_length`). Controlling `max_length` via the config is deprecated and `max_length` will be removed from the config in v5 of Transformers -- we recommend using `max_new_tokens` to control the maximum length of the generation.
  warnings.warn(
HTTP Request: POST https://api.chatanywhere.tech/chat/completions "HTTP/1.1 200 OK"
HTTP Request: POST https://api.chatanywhere.tech/chat/completions "HTTP/1.1 200 OK"
HTTP Request: POST https://api.chatanywhere.tech/chat/completions "HTTP/1.1 200 OK"
HTTP Request: POST https://api.chatanywhere.tech/chat/completions "HTTP/1.1 200 OK"
/root/miniconda3/envs/mmchange/lib/python3.8/site-packages/transformers/generation/utils.py:1273: UserWarning: Neither `max_length` nor `max_new_tokens` has been set, `max_length` will default to 20 (`generation_config.max_length`). Controlling `max_length` via the config is deprecated and `max_length` will be removed from the config in v5 of Transformers -- we recommend using `max_new_tokens` to control the maximum length of the generation.
  warnings.warn(
HTTP Request: POST https://api.chatanywhere.tech/chat/completions "HTTP/1.1 200 OK"
HTTP Request: POST https://api.chatanywhere.tech/chat/completions "HTTP/1.1 200 OK"
/root/miniconda3/envs/mmchange/lib/python3.8/site-packages/transformers/generation/utils.py:1273: UserWarning: Neither `max_length` nor `max_new_tokens` has been set, `max_length` will default to 20 (`generation_config.max_length`). Controlling `max_length` via the config is deprecated and `max_length` will be removed from the config in v5 of Transformers -- we recommend using `max_new_tokens` to control the maximum length of the generation.
  warnings.warn(
HTTP Request: POST https://api.chatanywhere.tech/chat/completions "HTTP/1.1 200 OK"
/root/miniconda3/envs/mmchange/lib/python3.8/site-packages/transformers/generation/utils.py:1273: UserWarning: Neither `max_length` nor `max_new_tokens` has been set, `max_length` will default to 20 (`generation_config.max_length`). Controlling `max_length` via the config is deprecated and `max_length` will be removed from the config in v5 of Transformers -- we recommend using `max_new_tokens` to control the maximum length of the generation.
  warnings.warn(
HTTP Request: POST https://api.chatanywhere.tech/chat/completions "HTTP/1.1 200 OK"
HTTP Request: POST https://api.chatanywhere.tech/chat/completions "HTTP/1.1 200 OK"

============================================================
快速对比测试
测试样本数: 3
============================================================

[1/2] 测试基线（无优化）...

============================================================
开始测试 - 基线模式
测试样本数: 3
============================================================

Initializing RSChatGPT, load_dict={'ImageCaptioning': 'cuda:0', 'SceneClassification': 'cuda:0', 'ObjectDetection': 'cuda:0', 'ObjectCounting': 'cuda:0', 'EdgeDetection': 'cpu', 'ChangeDetection': 'cuda:0'}
Initializing ImageCaptioning to cuda:0
从本地路径加载模型: /root/autodl-tmp/blip
Initializing SceneClassification
Initializing SceneClassification
Loading model from: /root/autodl-tmp/tool_models/Res34_AID_best.pth
Loading YOLOv5 model from: /root/autodl-tmp/tool_models/yolov5_best.pt
Loading YOLOv5 model from: /root/autodl-tmp/tool_models/yolov5_best.pt
Initializing Edge Detection Function....
Initializing Image2Canny
Initializing Change Detection Function....
正在初始化变化检测模型到设备 cuda:0...
加载变化检测模型...
loading the resnet50 pretrained weight from local .....
loading the resnet50 pretrained weight from local .....
变化检测模型加载成功！
加载 CLIP 模型...
CLIP 模型加载成功！
变化检测模块初始化完成！
All the Available Functions: {'ImageCaptioning': <rschatgpt.ImageCaptioning object at 0x7f932e46c100>, 'SceneClassification': <rschatgpt.SceneClassification object at 0x7f932e46c2b0>, 'ObjectDetection': <rschatgpt.ObjectDetection object at 0x7f932a30c940>, 'ObjectCounting': <rschatgpt.ObjectCounting object at 0x7f932b3910d0>, 'EdgeDetection': <rschatgpt.EdgeDetection object at 0x7f9329733e50>, 'ChangeDetection': <rschatgpt.ChangeDetection object at 0x7f93296862b0>}

[样本 1/3] ID=1
  Turn 1 (User): 「这张卫星图能帮我看一下吗？」...

Processed ImageCaptioning, Input Image: /root/autodl-tmp/datasets/LEVIR-MCI-dataset/images/train/A/train_002542.png, Output Text: A satellite image of an aerial view of the house

Processed ImageCaptioning, Input Image: /root/autodl-tmp/datasets/LEVIR-MCI-dataset/images/train/A/train_002542.png, Output Text: A satellite image of an aerial view of the house


[1m> Entering new AgentExecutor chain...[0m
[32;1m[1;3mThought: Do I need to use a tool? Yes
Action: Get Photo Description
Action Input: /root/autodl-tmp/datasets/LEVIR-MCI-dataset/images/train/A/train_002542.png[0m
Processed ImageCaptioning, Input Image: /root/autodl-tmp/datasets/LEVIR-MCI-dataset/images/train/A/train_002542.png, Output Text: A satellite image of an aerial view of the house

Processed ImageCaptioning, Input Image: /root/autodl-tmp/datasets/LEVIR-MCI-dataset/images/train/A/train_002542.png, Output Text: A satellite image of an aerial view of the house

Observation: [36;1m[1;3mA satellite image of an aerial view of the house[0m
Thought:[32;1m[1;3mThought: Do I need to use a tool? No
AI: The image you provided is a satellite image showing an aerial view of a house. How can I assist you further with this image?[0m

[1m> Finished chain.[0m
  Turn 3 (User): 你能帮我看看这是哪拍的吗？...


[1m> Entering new AgentExecutor chain...[0m
[32;1m[1;3mThought: Do I need to use a tool? Yes
Action: Scene Classification for Remote Sensing Image
Action Input: /root/autodl-tmp/datasets/LEVIR-MCI-dataset/images/train/A/train_002542.png[0m
Processed Scene Classification, Input Image: /root/autodl-tmp/datasets/LEVIR-MCI-dataset/images/train/A/train_002542.png, Output Scene: /root/autodl-tmp/datasets/LEVIR-MCI-dataset/images/train/A/train_002542.png has 70.56% probability being Church and 23.43% probability being Farmland.

Observation: [33;1m[1;3m/root/autodl-tmp/datasets/LEVIR-MCI-dataset/images/train/A/train_002542.png has 70.56% probability being Church and 23.43% probability being Farmland.[0m
Thought:[32;1m[1;3mThought: Do I need to use a tool? No
AI: The image you provided has been classified with a 70.56% probability as a Church and a 23.43% probability as Farmland.[0m

[1m> Finished chain.[0m
  Turn 4 (Assistant): ✗ 错误
    实际: ['SceneClassification']
    期望: []
  Turn 5 (User): 这张图的清晰度怎么样？...


[1m> Entering new AgentExecutor chain...[0m
[32;1m[1;3mThought: Do I need to use a tool? Yes
Action: Get Photo Description
Action Input: /root/autodl-tmp/datasets/LEVIR-MCI-dataset/images/train/A/train_002542.png[0m
Processed ImageCaptioning, Input Image: /root/autodl-tmp/datasets/LEVIR-MCI-dataset/images/train/A/train_002542.png, Output Text: A satellite image of an aerial view of the house

Processed ImageCaptioning, Input Image: /root/autodl-tmp/datasets/LEVIR-MCI-dataset/images/train/A/train_002542.png, Output Text: A satellite image of an aerial view of the house

Observation: [36;1m[1;3mA satellite image of an aerial view of the house[0m
Thought:[32;1m[1;3mThought: Do I need to use a tool? Yes
Action: Scene Classification for Remote Sensing Image
Action Input: /root/autodl-tmp/datasets/LEVIR-MCI-dataset/images/train/A/train_002542.png[0m
Processed Scene Classification, Input Image: /root/autodl-tmp/datasets/LEVIR-MCI-dataset/images/train/A/train_002542.png, Output Scene: /root/autodl-tmp/datasets/LEVIR-MCI-dataset/images/train/A/train_002542.png has 70.56% probability being Church and 23.43% probability being Farmland.

Observation: [33;1m[1;3m/root/autodl-tmp/datasets/LEVIR-MCI-dataset/images/train/A/train_002542.png has 70.56% probability being Church and 23.43% probability being Farmland.[0m
Thought:[32;1m[1;3mAI: The image you provided is a satellite image showing an aerial view of a house. It has been classified with a 70.56% probability as a Church and a 23.43% probability as Farmland. 

As for the image quality, I will need to use a tool to assess the clarity of the image. Let me do that for you.

Thought: Do I need to use a tool? Yes
Action: Edge Detection On Image
Action Input: /root/autodl-tmp/datasets/LEVIR-MCI-dataset/images/train/A/train_002542.png[0m

[1m> Finished chain.[0m
  Turn 6 (Assistant): ✗ 错误
    实际: ['ImageCaptioning', 'SceneClassification']
    期望: []

[样本 2/3] ID=2
  Turn 1 (User): 嘿，这个助手能帮我看看这张遥感图吗？...

Processed ImageCaptioning, Input Image: /root/autodl-tmp/datasets/LEVIR-MCI-dataset/images/val/A/val_000392.png, Output Text: A satellite image of a road with a car parked on it

Processed ImageCaptioning, Input Image: /root/autodl-tmp/datasets/LEVIR-MCI-dataset/images/val/A/val_000392.png, Output Text: A satellite image of a road with a car parked on it


[1m> Entering new AgentExecutor chain...[0m
[32;1m[1;3mThought: Do I need to use a tool? Yes
Action: Get Photo Description
Action Input: /root/autodl-tmp/datasets/LEVIR-MCI-dataset/images/val/A/val_000392.png[0m
Processed ImageCaptioning, Input Image: /root/autodl-tmp/datasets/LEVIR-MCI-dataset/images/val/A/val_000392.png, Output Text: A satellite image of a road with a car parked on it

Processed ImageCaptioning, Input Image: /root/autodl-tmp/datasets/LEVIR-MCI-dataset/images/val/A/val_000392.png, Output Text: A satellite image of a road with a car parked on it

Observation: [36;1m[1;3mA satellite image of a road with a car parked on it[0m
Thought:[32;1m[1;3mThought: Do I need to use a tool? No
AI: The image you provided is a satellite image of a road with a car parked on it. How can I assist you further with this image?[0m

[1m> Finished chain.[0m
  Turn 3 (User): 这个地方最近有什么新东西没？...


[1m> Entering new AgentExecutor chain...[0m
[32;1m[1;3mThought: Do I need to use a tool? Yes
Action: Change Detection On Image Pair
Action Input: /root/autodl-tmp/datasets/LEVIR-MCI-dataset/images/val/A/val_000392.png,/root/autodl-tmp/datasets/LEVIR-MCI-dataset/images/val/A/val_000392.png,identify any changes[0mChange detection completed. Changed area: 0.00% (0/65536 pixels). Result saved to /root/autodl-tmp/datasets/LEVIR-MCI-dataset/images/val/A/3109_change_detection_val.png

Observation: /root/miniconda3/envs/mmchange/lib/python3.8/site-packages/torch/nn/functional.py:3631: UserWarning: Default upsampling behavior when mode=bilinear is changed to align_corners=False since 0.4.0. Please specify align_corners=True if the old behavior is desired. See the documentation of nn.Upsample for details.
  warnings.warn(
HTTP Request: POST https://api.chatanywhere.tech/chat/completions "HTTP/1.1 200 OK"
/root/miniconda3/envs/mmchange/lib/python3.8/site-packages/transformers/generation/utils.py:1273: UserWarning: Neither `max_length` nor `max_new_tokens` has been set, `max_length` will default to 20 (`generation_config.max_length`). Controlling `max_length` via the config is deprecated and `max_length` will be removed from the config in v5 of Transformers -- we recommend using `max_new_tokens` to control the maximum length of the generation.
  warnings.warn(
HTTP Request: POST https://api.chatanywhere.tech/chat/completions "HTTP/1.1 200 OK"
/root/miniconda3/envs/mmchange/lib/python3.8/site-packages/transformers/generation/utils.py:1273: UserWarning: Neither `max_length` nor `max_new_tokens` has been set, `max_length` will default to 20 (`generation_config.max_length`). Controlling `max_length` via the config is deprecated and `max_length` will be removed from the config in v5 of Transformers -- we recommend using `max_new_tokens` to control the maximum length of the generation.
  warnings.warn(
HTTP Request: POST https://api.chatanywhere.tech/chat/completions "HTTP/1.1 200 OK"
/root/miniconda3/envs/mmchange/lib/python3.8/site-packages/torch/nn/functional.py:3631: UserWarning: Default upsampling behavior when mode=bilinear is changed to align_corners=False since 0.4.0. Please specify align_corners=True if the old behavior is desired. See the documentation of nn.Upsample for details.
  warnings.warn(
HTTP Request: POST https://api.chatanywhere.tech/chat/completions "HTTP/1.1 200 OK"
/root/miniconda3/envs/mmchange/lib/python3.8/site-packages/transformers/generation/utils.py:1273: UserWarning: Neither `max_length` nor `max_new_tokens` has been set, `max_length` will default to 20 (`generation_config.max_length`). Controlling `max_length` via the config is deprecated and `max_length` will be removed from the config in v5 of Transformers -- we recommend using `max_new_tokens` to control the maximum length of the generation.
  warnings.warn(
HTTP Request: POST https://api.chatanywhere.tech/chat/completions "HTTP/1.1 200 OK"
/root/miniconda3/envs/mmchange/lib/python3.8/site-packages/torch/nn/functional.py:3631: UserWarning: Default upsampling behavior when mode=bilinear is changed to align_corners=False since 0.4.0. Please specify align_corners=True if the old behavior is desired. See the documentation of nn.Upsample for details.
  warnings.warn(
HTTP Request: POST https://api.chatanywhere.tech/chat/completions "HTTP/1.1 200 OK"
HTTP Request: POST https://api.chatanywhere.tech/chat/completions "HTTP/1.1 200 OK"
/root/miniconda3/envs/mmchange/lib/python3.8/site-packages/transformers/generation/utils.py:1273: UserWarning: Neither `max_length` nor `max_new_tokens` has been set, `max_length` will default to 20 (`generation_config.max_length`). Controlling `max_length` via the config is deprecated and `max_length` will be removed from the config in v5 of Transformers -- we recommend using `max_new_tokens` to control the maximum length of the generation.
  warnings.warn(
HTTP Request: POST https://api.chatanywhere.tech/chat/completions "HTTP/1.1 200 OK"
/root/miniconda3/envs/mmchange/lib/python3.8/site-packages/transformers/generation/utils.py:1273: UserWarning: Neither `max_length` nor `max_new_tokens` has been set, `max_length` will default to 20 (`generation_config.max_length`). Controlling `max_length` via the config is deprecated and `max_length` will be removed from the config in v5 of Transformers -- we recommend using `max_new_tokens` to control the maximum length of the generation.
  warnings.warn(
HTTP Request: POST https://api.chatanywhere.tech/chat/completions "HTTP/1.1 200 OK"
